[0/2] Re-checking globbed directories...
[1/2] Linking CXX executable minilang_ide.exe; Deploying QFluent runtime for minilang_ide...; Deploying Qt runtime for minilang_ide...
FAILED: [code=4294967295] minilang_ide.exe 
C:\WINDOWS\system32\cmd.exe /C "cd . && D:\vs\Common7\IDE\CommonExtensions\Microsoft\CMake\CMake\bin\cmake.exe -E vs_link_exe --msvc-ver=1951 --intdir=CMakeFiles\minilang_ide.dir --rc="E:\Windows Kits\10\bin\10.0.26100.0\x64\rc.exe" --mt="E:\Windows Kits\10\bin\10.0.26100.0\x64\mt.exe" --manifests  -- D:\vs\VC\Tools\MSVC\14.51.36231\bin\Hostx64\x64\link.exe /nologo @CMakeFiles\minilang_ide.rsp  /out:minilang_ide.exe /implib:minilang_ide.lib /pdb:minilang_ide.pdb /version:0.0 /machine:x64 /debug /INCREMENTAL /subsystem:windows && C:\WINDOWS\system32\cmd.exe /C "cd /D C:\Users\v\Desktop\ide\ide\out\build\debug && D:\vs\Common7\IDE\CommonExtensions\Microsoft\CMake\CMake\bin\cmake.exe -E copy_if_different C:/Users/v/Desktop/ide/ide/out/build/debug/third_party/QFluentKit/QFluent/QFluentd.dll C:/Users/v/Desktop/ide/ide/out/build/debug && cd /D C:\Users\v\Desktop\ide\ide\out\build\debug && D:\qt\6.10.3\msvc2022_64\bin\windeployqt.exe --no-translations --no-system-d3d-compiler --no-opengl-sw C:/Users/v/Desktop/ide/ide/out/build/debug/minilang_ide.exe""
LINK Pass 1: command "D:\vs\VC\Tools\MSVC\14.51.36231\bin\Hostx64\x64\link.exe /nologo @CMakeFiles\minilang_ide.rsp /out:minilang_ide.exe /implib:minilang_ide.lib /pdb:minilang_ide.pdb /version:0.0 /machine:x64 /debug /INCREMENTAL /subsystem:windows /MANIFEST /MANIFESTFILE:CMakeFiles\minilang_ide.dir/intermediate.manifest CMakeFiles\minilang_ide.dir/manifest.res" failed (exit code 1168) with the following output:
LINK : fatal error LNK1168: 无法打开 minilang_ide.exe 进行写入
ninja: build stopped: subcommand failed.
